Warning: You are sending unauthenticated requests to the HF Hub. Please set a HF_TOKEN to enable higher rate limits and faster downloads.
device=mps arch=transunet params=105.32M lr=0.0001 train_frames=75 k=0 class_weights=[0.9373757839202881, 1.2844321727752686, 0.7781919836997986]
it 50 loss 1.4255 (62s)
it 100 loss 1.2071 (120s)
it 150 loss 1.0693 (177s)
it 200 loss 0.9644 (234s)
it 250 loss 1.0332 (293s)
it 300 loss 0.8700 (362s)
it 350 loss 0.8076 (421s)
it 400 loss 0.7723 (478s)
it 450 loss 0.7426 (535s)
it 500 loss 0.6595 (592s)
  VAL {"iter": 500, "loss": 0.6595380306243896, "val_mean_iou": 0.8741504431048752, "val_pore_iou": 0.7853165317320817, "val_roi_iou": 0.9551875326947558, "val_porosity_mae": 0.05991400345265735}
it 550 loss 0.7433 (673s)
it 600 loss 0.7275 (730s)
it 650 loss 0.5886 (787s)
it 700 loss 0.5758 (844s)
it 750 loss 0.5940 (901s)
it 800 loss 0.5392 (958s)
it 850 loss 0.5094 (1016s)
it 900 loss 0.4690 (1075s)
it 950 loss 0.4833 (1132s)
it 1000 loss 0.5008 (1190s)
  VAL {"iter": 1000, "loss": 0.5007846355438232, "val_mean_iou": 0.8714396739609898, "val_pore_iou": 0.7831443577594337, "val_roi_iou": 0.9391610914406232, "val_porosity_mae": 0.02529447201630239}
it 1050 loss 0.4436 (1270s)
it 1100 loss 0.4850 (1327s)
it 1150 loss 0.4945 (1384s)
it 1200 loss 0.4097 (1441s)
it 1250 loss 0.3887 (1498s)
it 1300 loss 0.3687 (1555s)
it 1350 loss 0.4042 (1614s)
it 1400 loss 0.3906 (1673s)
it 1450 loss 0.7531 (1730s)
it 1500 loss 0.3564 (1787s)
  VAL {"iter": 1500, "loss": 0.35637855529785156, "val_mean_iou": 0.8945142867315384, "val_pore_iou": 0.8175403154338557, "val_roi_iou": 0.9591777364901788, "val_porosity_mae": 0.002715831102402838}
it 1550 loss 0.3880 (1867s)
it 1600 loss 0.3343 (1924s)
it 1650 loss 0.3358 (1981s)
it 1700 loss 0.2945 (2038s)
it 1750 loss 0.3095 (2097s)
it 1800 loss 0.3023 (2154s)
it 1850 loss 0.3340 (2212s)
it 1900 loss 0.3260 (2269s)
it 1950 loss 0.3034 (2326s)
it 2000 loss 0.3521 (2384s)
  VAL {"iter": 2000, "loss": 0.35208308696746826, "val_mean_iou": 0.8978327167434368, "val_pore_iou": 0.8223933962867952, "val_roi_iou": 0.9608790103379474, "val_porosity_mae": 0.01400101090787854}
it 2050 loss 0.2652 (2463s)
it 2100 loss 0.3431 (2521s)
it 2150 loss 0.2929 (2579s)
it 2200 loss 0.2609 (2636s)
it 2250 loss 0.2529 (2694s)
it 2300 loss 0.2807 (2751s)
it 2350 loss 0.3206 (2809s)
it 2400 loss 0.2990 (2865s)
it 2450 loss 0.2317 (2922s)
it 2500 loss 0.2375 (2980s)
  VAL {"iter": 2500, "loss": 0.23749232292175293, "val_mean_iou": 0.8950190350187687, "val_pore_iou": 0.819426173694526, "val_roi_iou": 0.9622140468254123, "val_porosity_mae": 0.022513520991095923}
it 2550 loss 0.2346 (3062s)
it 2600 loss 0.2242 (3119s)
it 2650 loss 0.2847 (3176s)
it 2700 loss 0.2534 (3233s)
it 2750 loss 0.2104 (3289s)
it 2800 loss 0.2299 (3346s)
it 2850 loss 0.2116 (3403s)
it 2900 loss 0.2819 (3460s)
it 2950 loss 0.2317 (3518s)
it 3000 loss 0.2247 (3575s)
  VAL {"iter": 3000, "loss": 0.22469200193881989, "val_mean_iou": 0.8954419741049481, "val_pore_iou": 0.8196886652816142, "val_roi_iou": 0.9604403386869861, "val_porosity_mae": 0.006283591485301558}
it 3050 loss 0.2171 (3654s)
it 3100 loss 0.2545 (3711s)
it 3150 loss 0.2369 (3768s)
it 3200 loss 0.2131 (3825s)
it 3250 loss 0.3561 (3882s)
it 3300 loss 0.2291 (3939s)
it 3350 loss 0.2136 (3997s)
it 3400 loss 0.2157 (4054s)
it 3450 loss 0.2239 (4112s)
it 3500 loss 0.2602 (4169s)
  VAL {"iter": 3500, "loss": 0.2601563632488251, "val_mean_iou": 0.8991858797487967, "val_pore_iou": 0.8263613834960526, "val_roi_iou": 0.9639663775403846, "val_porosity_mae": 0.015244013408569712}
it 3550 loss 0.1979 (4249s)
it 3600 loss 0.2246 (4306s)
it 3650 loss 0.2081 (4367s)
it 3700 loss 0.2294 (4431s)
it 3750 loss 0.2948 (4489s)
it 3800 loss 0.2188 (4546s)
it 3850 loss 0.2141 (4615s)
it 3900 loss 0.1998 (4672s)
it 3950 loss 0.2126 (4729s)
it 4000 loss 0.2352 (4786s)
  VAL {"iter": 4000, "loss": 0.23520001769065857, "val_mean_iou": 0.8955201418498602, "val_pore_iou": 0.8197875264600879, "val_roi_iou": 0.9624724824791824, "val_porosity_mae": 0.0067209598218495965}
TEST {"mean_iou": 0.90209338045186, "pore_iou": 0.8255557461498464, "roi_iou": 0.9745841403736918, "pore_f1_tol1": 0.9795831059567082, "porosity_mae": 0.004276595270714439, "pred_porosity_mean": 0.368793148776925, "gt_porosity_mean": 0.36569020131394003} zcons 0.8672856677560186
